[2025-12-15 19:07:42] Kontroluji přítomnost podpůrných programů skriptu...
[2025-12-15 19:07:44] Missing dependency: yes
[2025-12-15 19:07:46] Missing dependency: debian-archive-keyring
[2025-12-15 19:07:47] Missing dependency: apt-transport-https
[2025-12-15 19:07:49] Instaluji chybějící balíčky: yes
debian-archive-keyring
apt-transport-https
[2025-12-15 19:07:50] Provádím systémový update a upgrade (pouze jednou)...
[2025-12-15 19:08:14] Podpůrné programy nainstalovány. Poznamenávám do souboru /home/shipper/Dokumenty/Zorin-post-install-script/tmp/.deps_ok
[2025-12-15 19:08:15] Všechny subskripty ve složce tasks jsou nyní nastavené jako spustitelné.
[2025-12-15 19:08:17] Načítám subskripty z /home/shipper/Dokumenty/Zorin-post-install-script/tasks...
[2025-12-15 19:10:58] Kontroluji přítomnost podpůrných programů skriptu...
[2025-12-15 19:10:59] Žádné chybějící závislosti.
[2025-12-15 19:11:01] Podpůrné programy nainstalovány. Poznamenávám do souboru /home/shipper/Dokumenty/Zorin-post-install-script/tmp/.deps_ok
[2025-12-15 19:11:02] Všechny subskripty ve složce tasks jsou nyní nastavené jako spustitelné.
[2025-12-15 19:11:04] Načítám subskripty z /home/shipper/Dokumenty/Zorin-post-install-script/tasks...
[2025-12-15 19:17:58] Spouštím úlohu: [17] Instalovat CrowdSec.
[2025-12-15 19:18:00] Přidávám apt repozitář a spouštím aktualizaci repozitářů...
[2025-12-15 19:18:05] Instaluji Crowdsec a nastavuji automatické spouštění...
[2025-12-15 19:18:07] Poslední update byl před méně než hodinou. Přeskakuji apt-get update/upgrade.
[2025-12-15 19:20:07] Spouštím úlohu: [17] Instalovat CrowdSec.
[2025-12-15 19:20:09] Přidávám apt repozitář a spouštím aktualizaci repozitářů...
[2025-12-15 19:20:17] Instaluji Crowdsec a nastavuji automatické spouštění...
[2025-12-15 19:20:19] Poslední update byl před méně než hodinou. Přeskakuji apt-get update/upgrade.
[2025-12-15 19:22:34] Doinstalovávám collections...
[2025-12-15 19:23:06] Doinstalovávám firewall bouncer...
[2025-12-15 19:23:20] Varování - je nutno nastavit cesty k logům, které se mají skenovat. To se dělá v souboru /etc/crowdsec/acquis.yaml Následně restartovat službu pomocí sudo systemctl reload crowdsec.
[2025-12-15 19:23:22] Nezapomenout Enroll security engine with https://app.crowdsec.net/security-engines.
[2025-12-15 19:23:26] Dokončeno: [17] Instalovat CrowdSec.
[2025-12-15 19:23:28] Skript doběhl do konce. Ukončuji...
[2026-01-06 18:32:31] Spouštím úlohu: [18] Instalovat docker-log-linker a stáhnout CrowdSec acquis.d složku z Gitu
[2026-01-06 18:32:32] Vytvářím složku /etc/crowdsec/acquis.d
[2026-01-06 18:32:34] Stahuji docker-log-linker.deb do složky /tmp/docker-log-linker-install
[2026-01-06 18:33:16] Dokončeno: [18] Instalovat docker-log-linker a stáhnout CrowdSec acquis.d složku z Gitu
[2026-01-06 18:33:18] Skript doběhl do konce. Ukončuji...
[2026-01-06 19:04:14] Spouštím úlohu: [18] Instalovat docker-log-linker a stáhnout CrowdSec acquis.d složku z Gitu
[2026-01-06 19:04:15] Stahuji docker-log-linker.deb z Githubu do složky v TMP...
[2026-01-06 19:04:18] Instaluji balíček docker-log-linker.deb
[2026-01-06 19:04:19] Balíček nainstalován. Volání je pomocí sudo systemctl start docker-log-linker.service
[2026-01-06 19:04:21] Odstraňuji instalační balíček
[2026-01-06 19:04:24] Vytvářím složku /etc/crowdsec/acquis.d
[2026-01-06 19:04:26] Stahuji repozitář my-crowdsec-acquis.d z Githubu...
[2026-01-06 19:04:43] Přesouvám stažené konfiguráky do složky s CrowdSec, duplicity přeskakuji...
[2026-01-06 19:04:45] Odstraňuji dočasnou složku v TMP...
[2026-01-06 19:04:46] Spouštím CrowdSec kontrolu syntaxe a restartuji CrowdSec...
[2026-01-06 19:04:50] Chyba při vykonávání úlohy [18] Instalovat docker-log-linker a stáhnout CrowdSec acquis.d složku z Gitu. Skript končí.
[2026-01-06 19:06:35] Spouštím úlohu: [18] Instalovat docker-log-linker a stáhnout CrowdSec acquis.d složku z Gitu
[2026-01-06 19:06:37] Stahuji docker-log-linker.deb z Githubu do složky v TMP...
[2026-01-06 19:06:39] Instaluji balíček docker-log-linker.deb
[2026-01-06 19:06:41] Balíček nainstalován. Volání je pomocí sudo systemctl start docker-log-linker.service
[2026-01-06 19:06:42] Odstraňuji instalační balíček
[2026-01-06 19:06:46] Vytvářím složku /etc/crowdsec/acquis.d
[2026-01-06 19:06:48] Stahuji repozitář my-crowdsec-acquis.d z Githubu...
[2026-01-06 19:06:51] Přesouvám stažené konfiguráky do složky s CrowdSec, duplicity přeskakuji...
[2026-01-06 19:06:52] Odstraňuji dočasnou složku v TMP...
[2026-01-06 19:06:54] Spouštím CrowdSec kontrolu syntaxe a restartuji CrowdSec...
[2026-01-06 19:06:57] Chyba při vykonávání úlohy [18] Instalovat docker-log-linker a stáhnout CrowdSec acquis.d složku z Gitu. Skript končí.
[2026-01-06 19:19:23] Spouštím úlohu: [18] Instalovat docker-log-linker a stáhnout CrowdSec acquis.d složku z Gitu
[2026-01-06 19:19:25] Stahuji docker-log-linker.deb z Githubu do složky v TMP...
[2026-01-06 19:19:28] Instaluji balíček docker-log-linker.deb
[2026-01-06 19:19:29] Nainstalováno. Volání je pomocí sudo systemctl start docker-log-linker.service.
[2026-01-06 19:19:31] Odstraňuji stažený balíček ze složky TMP.
[2026-01-06 19:19:34] Vytvářím složku /etc/crowdsec/acquis.d
[2026-01-06 19:19:36] Stahuji repozitář my-crowdsec-acquis.d z Githubu...
[2026-01-06 19:19:38] Chyba. Stažená složka neexistuje, takže stažení repozitáře my-crowdsec-acquis.d se nezdařilo. Skript končí
[2026-01-06 19:24:00] Spouštím úlohu: [18] Instalovat docker-log-linker a stáhnout CrowdSec acquis.d složku z Gitu
[2026-01-06 19:24:02] Stahuji docker-log-linker.deb z Githubu do složky v TMP...
[2026-01-06 19:24:04] Instaluji balíček docker-log-linker.deb
[2026-01-06 19:24:06] Nainstalováno. Volání je pomocí sudo systemctl start docker-log-linker.service
[2026-01-06 19:24:07] Odstraňuji stažený balíček ze složky TMP.
[2026-01-06 19:24:12] Vytvářím složku /etc/crowdsec/acquis.d
[2026-01-06 19:24:13] Stahuji repozitář my-crowdsec-acquis.d z Githubu...
[2026-01-06 19:24:16] Přesouvám stažené konfiguráky do složky s CrowdSec, duplicity přeskakuji...
[2026-01-06 19:24:17] Odstraňuji dočasnou složku v TMP...
[2026-01-06 19:24:19] Spouštím CrowdSec kontrolu syntaxe a restartuji CrowdSec...
[2026-01-06 19:24:30] Dokončeno: [18] Instalovat docker-log-linker a stáhnout CrowdSec acquis.d složku z Gitu
[2026-01-06 19:24:31] Skript doběhl do konce. Ukončuji...
[2026-01-06 19:27:49] Spouštím úlohu: [18] Instalovat docker-log-linker a stáhnout CrowdSec acquis.d složku z Gitu
[2026-01-06 19:27:50] Stahuji docker-log-linker.deb z Githubu do složky v TMP...
[2026-01-06 19:27:52] Instaluji balíček docker-log-linker.deb
[2026-01-06 19:27:54] Nainstalováno. Volání je pomocí sudo systemctl start docker-log-linker.service
[2026-01-06 19:27:56] Odstraňuji stažený balíček ze složky TMP.
[2026-01-06 19:27:59] Vytvářím složku /etc/crowdsec/acquis.d
[2026-01-06 19:28:01] Stahuji repozitář my-crowdsec-acquis.d z Githubu...
[2026-01-06 19:28:03] Stažení úspěšné. Přesouvám stažené konfiguráky do složky s CrowdSec, duplicity přeskakuji...
[2026-01-06 19:28:05] Odstraňuji dočasnou složku v TMP...
[2026-01-06 19:28:06] Spouštím CrowdSec kontrolu syntaxe a restartuji CrowdSec...
[2026-01-06 19:28:08] Varování. Nezapomenout nastavit správně docker-log-linker ve složce etc. Aby stažené yaml soubory mířily na funkční log soubory.
[2026-01-06 19:28:13] Dokončeno: [18] Instalovat docker-log-linker a stáhnout CrowdSec acquis.d složku z Gitu
[2026-01-06 19:28:14] Skript doběhl do konce. Ukončuji...
